2021-08-12 00:02:34 [    INFO] TEST: Try to login with eve.holt@reqres.in, cityslicka  (api.py:23)
2021-08-12 00:02:34 [    INFO] TEST: Try to create user : request POST with data {'name': 'morpheus', 'job': 'leader'}  (api.py:32)
2021-08-12 00:02:35 [    INFO] TEST: Try to login with eve.holt@reqres.in, cityslicka  (api.py:23)
2021-08-12 00:02:35 [    INFO] TEST: Try to get user: request GET  with id 2  (api.py:40)
2021-08-12 00:02:35 [    INFO] TEST: Try to login with eve.holt@reqres.in, cityslicka  (api.py:23)
2021-08-12 00:02:35 [    INFO] TEST: Try to update user: request PUT  with id {'name': 'morpheus', 'job': 'zion resident'}  (api.py:49)
